.next/types/app/(site)/(mentee)/documents/page.ts(2,24): error TS2307: Cannot find module '../../../../../../src/app/(site)/(user)/documents/page.js' or its corresponding type declarations.
.next/types/app/(site)/(mentee)/documents/page.ts(5,29): error TS2307: Cannot find module '../../../../../../src/app/(site)/(user)/documents/page.js' or its corresponding type declarations.
.next/types/app/(site)/(mentee)/edit-profile/page.ts(2,24): error TS2307: Cannot find module '../../../../../../src/app/(site)/(user)/edit-profile/page.js' or its corresponding type declarations.
.next/types/app/(site)/(mentee)/edit-profile/page.ts(5,29): error TS2307: Cannot find module '../../../../../../src/app/(site)/(user)/edit-profile/page.js' or its corresponding type declarations.
src/components/admin/index.ts(3,70): error TS2307: Cannot find module './adminPaths' or its corresponding type declarations.
src/data/adminManagementMock.ts(11,5): error TS2322: Type '"buyer"' is not assignable to type 'AppRole'.
src/data/adminManagementMock.ts(38,5): error TS2322: Type '"buyer"' is not assignable to type 'AppRole'.
src/data/adminManagementMock.ts(48,5): error TS2322: Type '"buyer"' is not assignable to type 'AppRole'.
src/features/admin/views/AdminUsersManagementView.tsx(16,10): error TS2678: Type '"seller"' is not comparable to type 'AppRole'.
src/features/admin/views/AdminUsersManagementView.tsx(60,24): error TS2367: This comparison appears to be unintentional because the types 'AppRole' and '"buyer"' have no overlap.
src/features/admin/views/AdminUsersManagementView.tsx(149,24): error TS2367: This comparison appears to be unintentional because the types 'AppRole' and '"buyer"' have no overlap.
src/features/admin/views/AdminUsersManagementView.tsx(149,46): error TS2367: This comparison appears to be unintentional because the types 'AppRole' and '"seller"' have no overlap.
src/features/admin/views/AdminUsersManagementView.tsx(169,22): error TS2367: This comparison appears to be unintentional because the types 'AppRole' and '"buyer"' have no overlap.
src/features/admin/views/AdminUsersManagementView.tsx(225,16): error TS2367: This comparison appears to be unintentional because the types 'AppRole' and '"buyer"' have no overlap.
src/features/report/views/UserReportsPage.tsx(6,47): error TS2307: Cannot find module '../services/reportService' or its corresponding type declarations.
src/features/report/views/UserReportsPage.tsx(7,32): error TS2307: Cannot find module '../components/ui/LoadingSpinner' or its corresponding type declarations.
src/mocks/defaultData.ts(12,3): error TS2322: Type '"buyer"' is not assignable to type 'AppRole'.
src/services/mentorService.ts(88,9): error TS2322: Type '"admin" | "mentor" | "seller"' is not assignable to type 'AppRole'.
  Type '"seller"' is not assignable to type 'AppRole'.
src/services/userService.ts(158,5): error TS2322: Type '"buyer"' is not assignable to type 'AppRole'.
